###############################################################################
#
# IAR ELF Linker V9.70.1.475/W64 for ARM                  07/Mar/2026  19:28:49
# Copyright 2007-2025 IAR Systems AB.
#
#    Output file  =
#        C:\Users\vadychka\Documents\GitHub\leybl\www\Debug\Exe\www.out
#    Map file     =
#        C:\Users\vadychka\Documents\GitHub\leybl\www\Debug\List\www.map
#    Command line =
#        -f C:\Users\vadychka\Documents\GitHub\leybl\www\Debug\Exe\www.out.rsp
#        (C:\Users\vadychka\Documents\GitHub\leybl\www\Debug\Obj\imu.o
#        C:\Users\vadychka\Documents\GitHub\leybl\www\Debug\Obj\main.o
#        C:\Users\vadychka\Documents\GitHub\leybl\www\Debug\Obj\mixer.o
#        C:\Users\vadychka\Documents\GitHub\leybl\www\Debug\Obj\motors.o
#        C:\Users\vadychka\Documents\GitHub\leybl\www\Debug\Obj\pid.o
#        C:\Users\vadychka\Documents\GitHub\leybl\www\Debug\Obj\sbus.o
#        C:\Users\vadychka\Documents\GitHub\leybl\www\Debug\Obj\startup_stm32g431xx.o
#        C:\Users\vadychka\Documents\GitHub\leybl\www\Debug\Obj\system_stm32g4xx.o
#        --no_out_extension -o
#        C:\Users\vadychka\Documents\GitHub\leybl\www\Debug\Exe\www.out
#        --redirect _Printf=_PrintfFullNoMb --redirect _Scanf=_ScanfFullNoMb
#        --map C:\Users\vadychka\Documents\GitHub\leybl\www\Debug\List\www.map
#        --config C:\iar\ewarm-9.70.1\arm/config/linker/ST/stm32g431xB.icf
#        --entry __iar_program_start --vfe --text_out locale --cpu=Cortex-M4
#        --fpu=VFPv4_sp) --diagnostics_format=sarif_stdout --dependencies=n
#        C:\Users\vadychka\Documents\GitHub\leybl\www\Debug\Exe\www.out.iar_deps
#        --dynamic_output
#        C:\Users\vadychka\Documents\GitHub\leybl\www\Debug\Exe\www.out.iar_dynout
#
###############################################################################

*******************************************************************************
*** RUNTIME MODEL ATTRIBUTES
***

CppFlavor       = *
__CPP_Runtime   = 1
__SystemLibrary = DLib
__dlib_version  = 6


*******************************************************************************
*** HEAP SELECTION
***

The basic heap was selected because --advanced_heap
was not specified and the application did not appear to
be primarily optimized for speed.


*******************************************************************************
*** PLACEMENT SUMMARY
***

"A0":  place at address 0x800'0000 {  ro section .intvec };
"P1":  place in [from 0x800'0000 to 0x801'ffff] {  ro };
define block CSTACK with size = 2K, alignment = 8 { };
define block PROC_STACK with size = 0, alignment = 8 { };
define block HEAP with size = 4K, alignment = 8 { };
"P3":  place in [from 0x2000'0000 to 0x2000'3fff] |
                [from 0x2000'4000 to 0x2000'57ff] {
           rw,  block CSTACK,  block PROC_STACK,  block HEAP };
initialize by copy {  rw };

No sections matched the following patterns:

  ro section otp_data  in "P4"
  section .textrw      in "P2"


  Section            Kind         Address  Alignment    Size  Object
  -------            ----         -------  ---------    ----  ------
"A0":                                                  0x1d8
  .intvec            ro code   0x800'0000          4   0x1d8  startup_stm32g431xx.o [1]
                             - 0x800'01d8              0x1d8

"P1":                                                 0x1750
  .text              ro code   0x800'01d8          4   0x824  imu.o [1]
  .text              ro code   0x800'09fc          4   0x214  cos_sin_tan_32.o [3]
  .text              ro code   0x800'0c10          4    0x6a  atan2f.o [3]
  .text              ro code   0x800'0c7a          2    0x2a  copy_init3.o [4]
  .text              ro code   0x800'0ca4          4    0x1e  sqrtf.o [3]
  .text              ro code   0x800'0cc4          4    0x1e  U64Shr.o [4]
  .text              ro code   0x800'0ce4          4    0xa4  xatanf.o [3]
  .text              ro code   0x800'0d88          4   0x350  sbus.o [1]
  .text              ro code   0x800'10d8          4   0x1f0  main.o [1]
  .text              ro code   0x800'12c8          4   0x160  pid.o [1]
  .text              ro code   0x800'1428          4   0x154  mixer.o [1]
  .text              ro code   0x800'157c          4   0x134  motors.o [1]
  .text              ro code   0x800'16b0          2    0x38  zero_init3.o [4]
  .text              ro code   0x800'16e8          4    0x28  data_init.o [4]
  .text              ro code   0x800'1710          4    0x22  fpinit_M.o [3]
  .text              ro code   0x800'1734          4    0x22  cmain.o [4]
  .text              ro code   0x800'1756          2     0x4  low_level_init.o [2]
  .text              ro code   0x800'175a          2     0x4  exit.o [2]
  .text              ro code   0x800'1760          4     0x4  cexit.o [4]
  .text              ro code   0x800'1764          4     0xa  cexit_2.o [4]
  .text              ro code   0x800'1770          4     0xc  XXexit.o [4]
  .iar.init_table    const     0x800'177c          4    0x24  - Linker created -
  .text              ro code   0x800'17a0          4    0x1e  cstartup_M.o [4]
  .text              ro code   0x800'17c0          4    0x10  startup_stm32g431xx.o [1]
  .text              ro code   0x800'17d0          4    0x10  system_stm32g4xx.o [1]
  .text              ro code   0x800'17e0          2     0x4  startup_stm32g431xx.o [1]
  .text              ro code   0x800'17e4          2     0x4  startup_stm32g431xx.o [1]
  .text              ro code   0x800'17e8          2     0x4  startup_stm32g431xx.o [1]
  .text              ro code   0x800'17ec          2     0x4  startup_stm32g431xx.o [1]
  .text              ro code   0x800'17f0          2     0x4  startup_stm32g431xx.o [1]
  .text              ro code   0x800'17f4          2     0x4  startup_stm32g431xx.o [1]
  .text              ro code   0x800'17f8          2     0x4  startup_stm32g431xx.o [1]
  .text              ro code   0x800'17fc          2     0x4  startup_stm32g431xx.o [1]
  .text              ro code   0x800'1800          2     0x4  startup_stm32g431xx.o [1]
  .text              ro code   0x800'1804          2     0x4  startup_stm32g431xx.o [1]
  .text              ro code   0x800'1808          2     0x4  startup_stm32g431xx.o [1]
  .text              ro code   0x800'180c          2     0x4  startup_stm32g431xx.o [1]
  .text              ro code   0x800'1810          2     0x4  startup_stm32g431xx.o [1]
  .text              ro code   0x800'1814          2     0x4  startup_stm32g431xx.o [1]
  .text              ro code   0x800'1818          2     0x4  startup_stm32g431xx.o [1]
  .text              ro code   0x800'181c          2     0x4  startup_stm32g431xx.o [1]
  .text              ro code   0x800'1820          2     0x4  startup_stm32g431xx.o [1]
  .text              ro code   0x800'1824          2     0x4  startup_stm32g431xx.o [1]
  .text              ro code   0x800'1828          2     0x4  startup_stm32g431xx.o [1]
  .text              ro code   0x800'182c          2     0x4  startup_stm32g431xx.o [1]
  .text              ro code   0x800'1830          2     0x4  startup_stm32g431xx.o [1]
  .text              ro code   0x800'1834          2     0x4  startup_stm32g431xx.o [1]
  .text              ro code   0x800'1838          2     0x4  startup_stm32g431xx.o [1]
  .text              ro code   0x800'183c          2     0x4  startup_stm32g431xx.o [1]
  .text              ro code   0x800'1840          2     0x4  startup_stm32g431xx.o [1]
  .text              ro code   0x800'1844          2     0x4  startup_stm32g431xx.o [1]
  .text              ro code   0x800'1848          2     0x4  startup_stm32g431xx.o [1]
  .text              ro code   0x800'184c          2     0x4  startup_stm32g431xx.o [1]
  .text              ro code   0x800'1850          2     0x4  startup_stm32g431xx.o [1]
  .text              ro code   0x800'1854          2     0x4  startup_stm32g431xx.o [1]
  .text              ro code   0x800'1858          2     0x4  startup_stm32g431xx.o [1]
  .text              ro code   0x800'185c          2     0x4  startup_stm32g431xx.o [1]
  .text              ro code   0x800'1860          2     0x4  startup_stm32g431xx.o [1]
  .text              ro code   0x800'1864          2     0x4  startup_stm32g431xx.o [1]
  .text              ro code   0x800'1868          2     0x4  startup_stm32g431xx.o [1]
  .text              ro code   0x800'186c          2     0x4  startup_stm32g431xx.o [1]
  .text              ro code   0x800'1870          2     0x4  startup_stm32g431xx.o [1]
  .text              ro code   0x800'1874          2     0x4  startup_stm32g431xx.o [1]
  .text              ro code   0x800'1878          2     0x4  startup_stm32g431xx.o [1]
  .text              ro code   0x800'187c          2     0x4  startup_stm32g431xx.o [1]
  .text              ro code   0x800'1880          2     0x4  startup_stm32g431xx.o [1]
  .text              ro code   0x800'1884          2     0x4  startup_stm32g431xx.o [1]
  .text              ro code   0x800'1888          2     0x4  startup_stm32g431xx.o [1]
  .text              ro code   0x800'188c          2     0x4  startup_stm32g431xx.o [1]
  .text              ro code   0x800'1890          2     0x4  startup_stm32g431xx.o [1]
  .text              ro code   0x800'1894          2     0x4  startup_stm32g431xx.o [1]
  .text              ro code   0x800'1898          2     0x4  startup_stm32g431xx.o [1]
  .text              ro code   0x800'189c          2     0x4  startup_stm32g431xx.o [1]
  .text              ro code   0x800'18a0          2     0x4  startup_stm32g431xx.o [1]
  .text              ro code   0x800'18a4          2     0x4  startup_stm32g431xx.o [1]
  .text              ro code   0x800'18a8          2     0x4  startup_stm32g431xx.o [1]
  .text              ro code   0x800'18ac          2     0x4  startup_stm32g431xx.o [1]
  .text              ro code   0x800'18b0          2     0x4  startup_stm32g431xx.o [1]
  .text              ro code   0x800'18b4          2     0x4  startup_stm32g431xx.o [1]
  .text              ro code   0x800'18b8          2     0x4  startup_stm32g431xx.o [1]
  .text              ro code   0x800'18bc          2     0x4  startup_stm32g431xx.o [1]
  .text              ro code   0x800'18c0          2     0x4  startup_stm32g431xx.o [1]
  .text              ro code   0x800'18c4          2     0x4  startup_stm32g431xx.o [1]
  .text              ro code   0x800'18c8          2     0x4  startup_stm32g431xx.o [1]
  .text              ro code   0x800'18cc          2     0x4  startup_stm32g431xx.o [1]
  .text              ro code   0x800'18d0          2     0x4  startup_stm32g431xx.o [1]
  .text              ro code   0x800'18d4          2     0x4  startup_stm32g431xx.o [1]
  .text              ro code   0x800'18d8          2     0x4  startup_stm32g431xx.o [1]
  .text              ro code   0x800'18dc          2     0x4  startup_stm32g431xx.o [1]
  .text              ro code   0x800'18e0          2     0x4  startup_stm32g431xx.o [1]
  .text              ro code   0x800'18e4          2     0x4  startup_stm32g431xx.o [1]
  .text              ro code   0x800'18e8          2     0x4  startup_stm32g431xx.o [1]
  .text              ro code   0x800'18ec          2     0x4  startup_stm32g431xx.o [1]
  .text              ro code   0x800'18f0          2     0x4  startup_stm32g431xx.o [1]
  .text              ro code   0x800'18f4          2     0x4  startup_stm32g431xx.o [1]
  .text              ro code   0x800'18f8          2     0x4  startup_stm32g431xx.o [1]
  .text              ro code   0x800'18fc          2     0x4  startup_stm32g431xx.o [1]
  .text              ro code   0x800'1900          2     0x4  startup_stm32g431xx.o [1]
  .text              ro code   0x800'1904          2     0x4  startup_stm32g431xx.o [1]
  .text              ro code   0x800'1908          2     0x4  startup_stm32g431xx.o [1]
  .text              ro code   0x800'190c          2     0x4  startup_stm32g431xx.o [1]
  .rodata            const     0x800'1910                0x0  zero_init3.o [4]
  .rodata            const     0x800'1910                0x0  copy_init3.o [4]
  Initializer bytes  const     0x800'1910          4    0x18  <for P3 s0>
                             - 0x800'1928             0x1750

"P3", part 1 of 3:                                      0x18
  P3 s0                       0x2000'0000               0x18  <Init block>
    .data            inited   0x2000'0000          4     0x4  pid.o [1]
    .data            inited   0x2000'0004          4     0x4  pid.o [1]
    .data            inited   0x2000'0008          4     0x4  pid.o [1]
    .data            inited   0x2000'000c          4     0x4  pid.o [1]
    .data            inited   0x2000'0010          4     0x4  pid.o [1]
    .data            inited   0x2000'0014          4     0x4  system_stm32g4xx.o [1]
                            - 0x2000'0018               0x18

"P3", part 2 of 3:                                     0x184
  .bss               zero     0x2000'0018          4    0x20  sbus.o [1]
  .bss               zero     0x2000'0038          4    0x1c  imu.o [1]
  .bss               zero     0x2000'0054          4    0x1c  imu.o [1]
  .bss               zero     0x2000'0070          4    0x1c  imu.o [1]
  .bss               zero     0x2000'008c          4    0x1c  imu.o [1]
  .bss               zero     0x2000'00a8          4    0x1c  imu.o [1]
  .bss               zero     0x2000'00c4          4    0x1c  imu.o [1]
  .bss               zero     0x2000'00e0          4    0x1c  sbus.o [1]
  .bss               zero     0x2000'00fc          4     0x4  imu.o [1]
  .bss               zero     0x2000'0100          4     0x4  imu.o [1]
  .bss               zero     0x2000'0104          4     0x4  imu.o [1]
  .bss               zero     0x2000'0108          4     0x4  imu.o [1]
  .bss               zero     0x2000'010c          4     0x4  imu.o [1]
  .bss               zero     0x2000'0110          4     0x4  imu.o [1]
  .bss               zero     0x2000'0114          4     0x4  imu.o [1]
  .bss               zero     0x2000'0118          4     0x4  imu.o [1]
  .bss               zero     0x2000'011c          4     0x4  imu.o [1]
  .bss               zero     0x2000'0120          4     0x4  imu.o [1]
  .bss               zero     0x2000'0124          4     0x4  imu.o [1]
  .bss               zero     0x2000'0128          4     0x4  imu.o [1]
  .bss               zero     0x2000'012c          4     0x4  imu.o [1]
  .bss               zero     0x2000'0130          4     0x4  imu.o [1]
  .bss               zero     0x2000'0134          4     0x4  imu.o [1]
  .bss               zero     0x2000'0138          4     0x4  imu.o [1]
  .bss               zero     0x2000'013c          4     0x4  imu.o [1]
  .bss               zero     0x2000'0140          4     0x4  main.o [1]
  .bss               zero     0x2000'0144          4     0x4  main.o [1]
  .bss               zero     0x2000'0148          4     0x4  mixer.o [1]
  .bss               zero     0x2000'014c          4     0x4  mixer.o [1]
  .bss               zero     0x2000'0150          4     0x4  mixer.o [1]
  .bss               zero     0x2000'0154          4     0x4  mixer.o [1]
  .bss               zero     0x2000'0158          4     0x4  pid.o [1]
  .bss               zero     0x2000'015c          4     0x4  pid.o [1]
  .bss               zero     0x2000'0160          4     0x4  pid.o [1]
  .bss               zero     0x2000'0164          4     0x4  pid.o [1]
  .bss               zero     0x2000'0168          4     0x4  pid.o [1]
  .bss               zero     0x2000'016c          4     0x4  pid.o [1]
  .bss               zero     0x2000'0170          4     0x4  pid.o [1]
  .bss               zero     0x2000'0174          4     0x4  pid.o [1]
  .bss               zero     0x2000'0178          4     0x4  sbus.o [1]
  .bss               zero     0x2000'017c          4     0x4  sbus.o [1]
  .bss               zero     0x2000'0180          4     0x4  sbus.o [1]
  .bss               zero     0x2000'0184          4     0x4  sbus.o [1]
  .bss               zero     0x2000'0188          2     0x2  imu.o [1]
  .bss               zero     0x2000'018a          2     0x2  imu.o [1]
  .bss               zero     0x2000'018c          2     0x2  imu.o [1]
  .bss               zero     0x2000'018e          2     0x2  imu.o [1]
  .bss               zero     0x2000'0190          2     0x2  imu.o [1]
  .bss               zero     0x2000'0192          2     0x2  imu.o [1]
  .bss               zero     0x2000'0194                0x1  main.o [1]
  .bss               zero     0x2000'0195                0x1  sbus.o [1]
  .bss               zero     0x2000'0196                0x1  sbus.o [1]
  .bss               zero     0x2000'0197                0x1  sbus.o [1]
  .bss               zero     0x2000'0198                0x1  sbus.o [1]
                            - 0x2000'0199              0x181

"P3", part 3 of 3:                                     0x800
  CSTACK                      0x2000'01a0          8   0x800  <Block>
    CSTACK           uninit   0x2000'01a0              0x800  <Block tail>
                            - 0x2000'09a0              0x800

Unused ranges:

         From           To      Size
         ----           --      ----
   0x800'1928   0x801'ffff  0x1'e6d8
  0x2000'019c  0x2000'019f       0x4
  0x2000'09a0  0x2000'3fff    0x3660
  0x2000'4000  0x2000'57ff    0x1800


*******************************************************************************
*** INIT TABLE
***

          Address      Size
          -------      ----
Zero (__iar_zero_init3)
    1 destination range, total size 0x181:
          0x2000'0018  0x181

Copy (__iar_copy_init3)
    1 source range, total size 0x18:
           0x800'1910   0x18
    1 destination range, total size 0x18:
          0x2000'0000   0x18



*******************************************************************************
*** MODULE SUMMARY
***

    Module                 ro code  ro data  rw data
    ------                 -------  -------  -------
command line/config:
    ------------------------------------------------
    Total:

C:\Users\vadychka\Documents\GitHub\leybl\www\Debug\Obj: [1]
    imu.o                    2'084               248
    main.o                     496                 9
    mixer.o                    340                16
    motors.o                   308
    pid.o                      352       20       52
    sbus.o                     848                80
    startup_stm32g431xx.o      792
    system_stm32g4xx.o          16        4        4
    ------------------------------------------------
    Total:                   5'236       24      409

dl7M_tln.a: [2]
    exit.o                       4
    low_level_init.o             4
    ------------------------------------------------
    Total:                       8

m7M_tls.a: [3]
    atan2f.o                   106
    cos_sin_tan_32.o           532
    fpinit_M.o                  34
    sqrtf.o                     30
    xatanf.o                   164
    ------------------------------------------------
    Total:                     866

rt7M_tl.a: [4]
    U64Shr.o                    30
    XXexit.o                    12
    cexit.o                      4
    cexit_2.o                   10
    cmain.o                     34
    copy_init3.o                42
    cstartup_M.o                30
    data_init.o                 40
    zero_init3.o                56
    ------------------------------------------------
    Total:                     258

    Gaps                        12
    Linker created                       36    2'048
----------------------------------------------------
    Grand Total:             6'380       60    2'457


*******************************************************************************
*** ENTRY LIST
***

Entry                       Address   Size  Type      Object
-----                       -------   ----  ----      ------
.iar.init_table$$Base    0x800'177c          --   Gb  - Linker created -
.iar.init_table$$Limit   0x800'17a0          --   Gb  - Linker created -
?main                    0x800'1735         Code  Gb  cmain.o [4]
ADC1_2_IRQHandler        0x800'1845         Code  Wk  startup_stm32g431xx.o [1]
BusFault_Handler         0x800'17ed         Code  Wk  startup_stm32g431xx.o [1]
By2Pi                    0x800'0bf4   0x1c  Data  Lc  cos_sin_tan_32.o [3]
COMP1_2_3_IRQHandler     0x800'18e1         Code  Wk  startup_stm32g431xx.o [1]
COMP4_IRQHandler         0x800'18e5         Code  Wk  startup_stm32g431xx.o [1]
CORDIC_IRQHandler        0x800'1909         Code  Wk  startup_stm32g431xx.o [1]
CRS_IRQHandler           0x800'18e9         Code  Wk  startup_stm32g431xx.o [1]
CSTACK$$Base            0x2000'01a0          --   Gb  - Linker created -
CSTACK$$Limit           0x2000'09a0          --   Gb  - Linker created -
DMA1_Channel1_IRQHandler
                         0x800'182d         Code  Wk  startup_stm32g431xx.o [1]
DMA1_Channel2_IRQHandler
                         0x800'1831         Code  Wk  startup_stm32g431xx.o [1]
DMA1_Channel3_IRQHandler
                         0x800'1835         Code  Wk  startup_stm32g431xx.o [1]
DMA1_Channel4_IRQHandler
                         0x800'1839         Code  Wk  startup_stm32g431xx.o [1]
DMA1_Channel5_IRQHandler
                         0x800'183d         Code  Wk  startup_stm32g431xx.o [1]
DMA1_Channel6_IRQHandler
                         0x800'1841         Code  Wk  startup_stm32g431xx.o [1]
DMA2_Channel1_IRQHandler
                         0x800'18c9         Code  Wk  startup_stm32g431xx.o [1]
DMA2_Channel2_IRQHandler
                         0x800'18cd         Code  Wk  startup_stm32g431xx.o [1]
DMA2_Channel3_IRQHandler
                         0x800'18d1         Code  Wk  startup_stm32g431xx.o [1]
DMA2_Channel4_IRQHandler
                         0x800'18d5         Code  Wk  startup_stm32g431xx.o [1]
DMA2_Channel5_IRQHandler
                         0x800'18d9         Code  Wk  startup_stm32g431xx.o [1]
DMA2_Channel6_IRQHandler
                         0x800'1905         Code  Wk  startup_stm32g431xx.o [1]
DMAMUX_OVR_IRQHandler    0x800'1901         Code  Wk  startup_stm32g431xx.o [1]
DebugMon_Handler         0x800'17f9         Code  Wk  startup_stm32g431xx.o [1]
EXTI0_IRQHandler         0x800'1819         Code  Wk  startup_stm32g431xx.o [1]
EXTI15_10_IRQHandler     0x800'189d         Code  Wk  startup_stm32g431xx.o [1]
EXTI1_IRQHandler         0x800'181d         Code  Wk  startup_stm32g431xx.o [1]
EXTI2_IRQHandler         0x800'1821         Code  Wk  startup_stm32g431xx.o [1]
EXTI3_IRQHandler         0x800'1825         Code  Wk  startup_stm32g431xx.o [1]
EXTI4_IRQHandler         0x800'1829         Code  Wk  startup_stm32g431xx.o [1]
EXTI9_5_IRQHandler       0x800'1859         Code  Wk  startup_stm32g431xx.o [1]
FDCAN1_IT0_IRQHandler    0x800'1851         Code  Wk  startup_stm32g431xx.o [1]
FDCAN1_IT1_IRQHandler    0x800'1855         Code  Wk  startup_stm32g431xx.o [1]
FLASH_IRQHandler         0x800'1811         Code  Wk  startup_stm32g431xx.o [1]
FMAC_IRQHandler          0x800'190d         Code  Wk  startup_stm32g431xx.o [1]
FPU_IRQHandler           0x800'18f1         Code  Wk  startup_stm32g431xx.o [1]
HardFault_Handler        0x800'17e5         Code  Wk  startup_stm32g431xx.o [1]
I2C1_ER_IRQHandler       0x800'187d         Code  Wk  startup_stm32g431xx.o [1]
I2C1_EV_IRQHandler       0x800'1879         Code  Wk  startup_stm32g431xx.o [1]
I2C1_Init                0x800'01f3   0x68  Code  Gb  imu.o [1]
I2C2_ER_IRQHandler       0x800'1885         Code  Wk  startup_stm32g431xx.o [1]
I2C2_EV_IRQHandler       0x800'1881         Code  Wk  startup_stm32g431xx.o [1]
I2C3_ER_IRQHandler       0x800'18fd         Code  Wk  startup_stm32g431xx.o [1]
I2C3_EV_IRQHandler       0x800'18f9         Code  Wk  startup_stm32g431xx.o [1]
I2C_ReadMulti            0x800'025b   0x68  Code  Gb  imu.o [1]
IMU_CalibrateAccel       0x800'04d9  0x102  Code  Gb  imu.o [1]
IMU_CalibrateGyro        0x800'05e1   0xca  Code  Gb  imu.o [1]
IMU_Init                 0x800'0411   0xc6  Code  Gb  imu.o [1]
IMU_ReadAccel            0x800'06bd  0x280  Code  Gb  imu.o [1]
IMU_ReadAccel::test_count
                        0x2000'013c    0x4  Data  Lc  imu.o [1]
IMU_SetBank              0x800'0305   0x16  Code  Gb  imu.o [1]
IMU_WriteReg             0x800'02c3   0x42  Code  Lc  imu.o [1]
LPTIM1_IRQHandler        0x800'18b9         Code  Wk  startup_stm32g431xx.o [1]
LPUART1_IRQHandler       0x800'100b   0x66  Code  Gb  sbus.o [1]
LPUART1_SBUS_Init        0x800'0f6b   0xa0  Code  Gb  sbus.o [1]
MemManage_Handler        0x800'17e9         Code  Wk  startup_stm32g431xx.o [1]
Mixer_Update             0x800'1429  0x154  Code  Gb  mixer.o [1]
Motors_Init              0x800'157d   0xb2  Code  Gb  motors.o [1]
Motors_Stop              0x800'16a5    0xc  Code  Gb  motors.o [1]
NMI_Handler              0x800'17e1         Code  Wk  startup_stm32g431xx.o [1]
PID_Init                 0x800'12c9   0x14  Code  Gb  pid.o [1]
PID_Update               0x800'12dd   0xfa  Code  Gb  pid.o [1]
PVD_PVM_IRQHandler       0x800'1805         Code  Wk  startup_stm32g431xx.o [1]
PendSV_Handler           0x800'17fd         Code  Wk  startup_stm32g431xx.o [1]
RCC_IRQHandler           0x800'1815         Code  Wk  startup_stm32g431xx.o [1]
RNG_IRQHandler           0x800'18f5         Code  Wk  startup_stm32g431xx.o [1]
RTC_Alarm_IRQHandler     0x800'18a1         Code  Wk  startup_stm32g431xx.o [1]
RTC_TAMP_LSECSS_IRQHandler
                         0x800'1809         Code  Wk  startup_stm32g431xx.o [1]
RTC_WKUP_IRQHandler      0x800'180d         Code  Wk  startup_stm32g431xx.o [1]
Region$$Table$$Base      0x800'177c          --   Gb  - Linker created -
Region$$Table$$Limit     0x800'17a0          --   Gb  - Linker created -
Reset_Handler            0x800'17c1         Code  Wk  startup_stm32g431xx.o [1]
SAI1_IRQHandler          0x800'18ed         Code  Wk  startup_stm32g431xx.o [1]
SBUS_Decode              0x800'0dd3  0x198  Code  Gb  sbus.o [1]
SPI1_IRQHandler          0x800'1889         Code  Wk  startup_stm32g431xx.o [1]
SPI2_IRQHandler          0x800'188d         Code  Wk  startup_stm32g431xx.o [1]
SPI3_IRQHandler          0x800'18bd         Code  Wk  startup_stm32g431xx.o [1]
SVC_Handler              0x800'17f5         Code  Wk  startup_stm32g431xx.o [1]
Set_Motor_Individual     0x800'1641   0x16  Code  Gb  motors.o [1]
Set_Motors               0x800'162f   0x12  Code  Gb  motors.o [1]
SysTick_Config           0x800'1123   0x30  Code  Lc  main.o [1]
SysTick_Handler          0x800'1153    0xa  Code  Gb  main.o [1]
SystemCoreClock         0x2000'0014    0x4  Data  Gb  system_stm32g4xx.o [1]
SystemInit               0x800'17d1    0xc  Code  Gb  system_stm32g4xx.o [1]
TIM1_BRK_TIM15_IRQHandler
                         0x800'185d         Code  Wk  startup_stm32g431xx.o [1]
TIM1_CC_IRQHandler       0x800'1869         Code  Wk  startup_stm32g431xx.o [1]
TIM1_TRG_COM_TIM17_IRQHandler
                         0x800'1865         Code  Wk  startup_stm32g431xx.o [1]
TIM1_UP_TIM16_IRQHandler
                         0x800'1861         Code  Wk  startup_stm32g431xx.o [1]
TIM2_IRQHandler          0x800'186d         Code  Wk  startup_stm32g431xx.o [1]
TIM3_IRQHandler          0x800'1871         Code  Wk  startup_stm32g431xx.o [1]
TIM4_IRQHandler          0x800'1875         Code  Wk  startup_stm32g431xx.o [1]
TIM6_DAC_IRQHandler      0x800'119b   0x32  Code  Gb  main.o [1]
TIM6_DAC_IRQHandler{1}{2}::test_count_2
                        0x2000'0144    0x4  Data  Lc  main.o [1]
TIM6_Init_100Hz          0x800'115d   0x3e  Code  Gb  main.o [1]
TIM7_IRQHandler          0x800'18c5         Code  Wk  startup_stm32g431xx.o [1]
TIM8_BRK_IRQHandler      0x800'18a9         Code  Wk  startup_stm32g431xx.o [1]
TIM8_CC_IRQHandler       0x800'18b5         Code  Wk  startup_stm32g431xx.o [1]
TIM8_TRG_COM_IRQHandler
                         0x800'18b1         Code  Wk  startup_stm32g431xx.o [1]
TIM8_UP_IRQHandler       0x800'18ad         Code  Wk  startup_stm32g431xx.o [1]
UART4_IRQHandler         0x800'18c1         Code  Wk  startup_stm32g431xx.o [1]
UCPD1_IRQHandler         0x800'18dd         Code  Wk  startup_stm32g431xx.o [1]
USART1_IRQHandler        0x800'1891         Code  Wk  startup_stm32g431xx.o [1]
USART2_IRQHandler        0x800'1895         Code  Wk  startup_stm32g431xx.o [1]
USART3_IRQHandler        0x800'1899         Code  Wk  startup_stm32g431xx.o [1]
USBWakeUp_IRQHandler     0x800'18a5         Code  Wk  startup_stm32g431xx.o [1]
USB_HP_IRQHandler        0x800'1849         Code  Wk  startup_stm32g431xx.o [1]
USB_LP_IRQHandler        0x800'184d         Code  Wk  startup_stm32g431xx.o [1]
UsageFault_Handler       0x800'17f1         Code  Wk  startup_stm32g431xx.o [1]
WWDG_IRQHandler          0x800'1801         Code  Wk  startup_stm32g431xx.o [1]
__NVIC_EnableIRQ         0x800'10d9   0x1e  Code  Lc  main.o [1]
__NVIC_EnableIRQ         0x800'0d89   0x1e  Code  Lc  sbus.o [1]
__NVIC_SetPriority       0x800'10f7   0x2c  Code  Lc  main.o [1]
__NVIC_SetPriority       0x800'0da7   0x2c  Code  Lc  sbus.o [1]
__aeabi_llsr             0x800'0cc5         Code  Gb  U64Shr.o [4]
__cmain                  0x800'1735         Code  Gb  cmain.o [4]
__exit                   0x800'1771         Code  Gb  XXexit.o [4]
__iar_Sin_accurate32     0x800'09fd  0x1c8  Code  Lc  cos_sin_tan_32.o [3]
__iar_atan2_32           0x800'0c11         Code  Gb  atan2f.o [3]
__iar_copy_init3         0x800'0c7b   0x2a  Code  Gb  copy_init3.o [4]
__iar_cos_accurate32     0x800'0bed    0x4  Code  Gb  cos_sin_tan_32.o [3]
__iar_cos_accuratef      0x800'0bed    0x4  Code  Gb  cos_sin_tan_32.o [3]
__iar_cos_medium32       0x800'0bed    0x4  Code  Gb  cos_sin_tan_32.o [3]
__iar_cos_mediumf        0x800'0bed    0x4  Code  Gb  cos_sin_tan_32.o [3]
__iar_cos_small32        0x800'0bed    0x4  Code  Gb  cos_sin_tan_32.o [3]
__iar_cos_smallf         0x800'0bed    0x4  Code  Gb  cos_sin_tan_32.o [3]
__iar_cosf               0x800'0bed    0x4  Code  Gb  cos_sin_tan_32.o [3]
__iar_data_init3         0x800'16e9   0x28  Code  Gb  data_init.o [4]
__iar_init_vfp           0x800'1711         Code  Gb  fpinit_M.o [3]
__iar_program_start      0x800'17a1         Code  Gb  cstartup_M.o [4]
__iar_sin_accurate32     0x800'0bf1    0x4  Code  Gb  cos_sin_tan_32.o [3]
__iar_sin_accuratef      0x800'0bf1    0x4  Code  Gb  cos_sin_tan_32.o [3]
__iar_sin_medium32       0x800'0bf1    0x4  Code  Gb  cos_sin_tan_32.o [3]
__iar_sin_mediumf        0x800'0bf1    0x4  Code  Gb  cos_sin_tan_32.o [3]
__iar_sin_small32        0x800'0bf1    0x4  Code  Gb  cos_sin_tan_32.o [3]
__iar_sin_smallf         0x800'0bf1    0x4  Code  Gb  cos_sin_tan_32.o [3]
__iar_sinf               0x800'0bf1    0x4  Code  Gb  cos_sin_tan_32.o [3]
__iar_sqrt32             0x800'0ca5         Code  Gb  sqrtf.o [3]
__iar_xatanf             0x800'0ce5         Code  Gb  xatanf.o [3]
__iar_zero_init3         0x800'16b1   0x38  Code  Gb  zero_init3.o [4]
__low_level_init         0x800'1757    0x4  Code  Gb  low_level_init.o [2]
__vector_table           0x800'0000         Data  Gb  startup_stm32g431xx.o [1]
_call_main               0x800'1741         Code  Gb  cmain.o [4]
_exit                    0x800'1761         Code  Gb  cexit.o [4]
_exit_2                  0x800'1765         Code  Gb  cexit_2.o [4]
accel_offset_x          0x2000'0108    0x4  Data  Gb  imu.o [1]
accel_offset_y          0x2000'010c    0x4  Data  Gb  imu.o [1]
accel_offset_z          0x2000'0110    0x4  Data  Gb  imu.o [1]
accel_x                 0x2000'00fc    0x4  Data  Gb  imu.o [1]
accel_x_f               0x2000'0038   0x1c  Data  Lc  imu.o [1]
accel_y                 0x2000'0100    0x4  Data  Gb  imu.o [1]
accel_y_f               0x2000'0054   0x1c  Data  Lc  imu.o [1]
accel_z                 0x2000'0104    0x4  Data  Gb  imu.o [1]
accel_z_f               0x2000'0070   0x1c  Data  Lc  imu.o [1]
armed                   0x2000'0194    0x1  Data  Gb  main.o [1]
atan2f                   0x800'0c11         Code  Gb  atan2f.o [3]
biquad_apply             0x800'031b   0x42  Code  Lc  imu.o [1]
biquad_init_lpf          0x800'035d   0xb2  Code  Lc  imu.o [1]
cosf                     0x800'0bed    0x4  Code  Gb  cos_sin_tan_32.o [3]
debug_m1                0x2000'0148    0x4  Data  Gb  mixer.o [1]
debug_m2                0x2000'014c    0x4  Data  Gb  mixer.o [1]
debug_m3                0x2000'0150    0x4  Data  Gb  mixer.o [1]
debug_m4                0x2000'0154    0x4  Data  Gb  mixer.o [1]
delay_long               0x800'01d9   0x1a  Code  Lc  imu.o [1]
exit                     0x800'175b    0x4  Code  Gb  exit.o [2]
gyro_bias_x             0x2000'0120    0x4  Data  Gb  imu.o [1]
gyro_bias_y             0x2000'0124    0x4  Data  Gb  imu.o [1]
gyro_bias_z             0x2000'0128    0x4  Data  Gb  imu.o [1]
gyro_pitch_rate         0x2000'0118    0x4  Data  Gb  imu.o [1]
gyro_roll_rate          0x2000'0114    0x4  Data  Gb  imu.o [1]
gyro_x_f                0x2000'008c   0x1c  Data  Lc  imu.o [1]
gyro_y_f                0x2000'00a8   0x1c  Data  Lc  imu.o [1]
gyro_yaw_rate           0x2000'011c    0x4  Data  Gb  imu.o [1]
gyro_z_f                0x2000'00c4   0x1c  Data  Lc  imu.o [1]
imu_ax                  0x2000'0188    0x2  Data  Gb  imu.o [1]
imu_ay                  0x2000'018a    0x2  Data  Gb  imu.o [1]
imu_az                  0x2000'018c    0x2  Data  Gb  imu.o [1]
imu_gx                  0x2000'018e    0x2  Data  Gb  imu.o [1]
imu_gy                  0x2000'0190    0x2  Data  Gb  imu.o [1]
imu_gz                  0x2000'0192    0x2  Data  Gb  imu.o [1]
main                     0x800'11cd   0xa6  Code  Gb  main.o [1]
ms                      0x2000'0140    0x4  Data  Gb  main.o [1]
parser_state            0x2000'0198    0x1  Data  Gb  sbus.o [1]
pid_pitch_kd            0x2000'0010    0x4  Data  Lc  pid.o [1]
pid_pitch_kp            0x2000'000c    0x4  Data  Lc  pid.o [1]
pid_pitch_output        0x2000'015c    0x4  Data  Gb  pid.o [1]
pid_roll_kd             0x2000'0008    0x4  Data  Lc  pid.o [1]
pid_roll_kp             0x2000'0004    0x4  Data  Lc  pid.o [1]
pid_roll_output         0x2000'0158    0x4  Data  Gb  pid.o [1]
pid_yaw_kd              0x2000'0000    0x4  Data  Lc  pid.o [1]
pid_yaw_kp              0x2000'0174    0x4  Data  Lc  pid.o [1]
pid_yaw_output          0x2000'0160    0x4  Data  Gb  pid.o [1]
pitch_acc               0x2000'0130    0x4  Data  Gb  imu.o [1]
pitch_angle             0x2000'0138    0x4  Data  Gb  imu.o [1]
pitch_rate              0x2000'016c    0x4  Data  Gb  pid.o [1]
rc_channels             0x2000'0018   0x20  Data  Gb  sbus.o [1]
roll_acc                0x2000'012c    0x4  Data  Gb  imu.o [1]
roll_angle              0x2000'0134    0x4  Data  Gb  imu.o [1]
roll_rate               0x2000'0168    0x4  Data  Gb  pid.o [1]
rx_buffer               0x2000'00e0   0x1c  Data  Gb  sbus.o [1]
rx_idx                  0x2000'0197    0x1  Data  Gb  sbus.o [1]
sbus_decode_errors      0x2000'017c    0x4  Data  Gb  sbus.o [1]
sbus_failsafe           0x2000'0195    0x1  Data  Gb  sbus.o [1]
sbus_frame_lost         0x2000'0196    0x1  Data  Gb  sbus.o [1]
sbus_hz_counter         0x2000'0184    0x4  Data  Gb  sbus.o [1]
sbus_last_byte_time     0x2000'0180    0x4  Data  Gb  sbus.o [1]
sbus_packets_ok         0x2000'0178    0x4  Data  Gb  sbus.o [1]
sinf                     0x800'0bf1    0x4  Code  Gb  cos_sin_tan_32.o [3]
sqrtf                    0x800'0ca5         Code  Gb  sqrtf.o [3]
yaw_rate                0x2000'0170    0x4  Data  Gb  pid.o [1]
yaw_rate_set            0x2000'0164    0x4  Data  Gb  pid.o [1]


[1] = C:\Users\vadychka\Documents\GitHub\leybl\www\Debug\Obj
[2] = dl7M_tln.a
[3] = m7M_tls.a
[4] = rt7M_tl.a

  6'380 bytes of readonly  code memory
     60 bytes of readonly  data memory
  2'457 bytes of readwrite data memory

Errors: none
Warnings: none
