###############################################################################
#
# IAR ELF Linker V9.10.2.313/W64 for ARM                  17/Jan/2026  18:56:07
# Copyright 2007-2021 IAR Systems AB.
#
#    Output file  =  H:\projects\2\Debug\Exe\test2.out
#    Map file     =  H:\projects\2\Debug\List\test2.map
#    Command line =
#        -f H:\projects\2\Debug\Exe\test2.out.rsp
#        (H:\projects\2\Debug\Obj\main.o --no_out_extension -o
#        H:\projects\2\Debug\Exe\test2.out --redirect _Printf=_PrintfFullNoMb
#        --redirect _Scanf=_ScanfFullNoMb --map
#        H:\projects\2\Debug\List\test2.map --config
#        H:\IAR\arm\config\linker\ST\stm32f407xG.icf --semihosting --entry
#        __iar_program_start --vfe --text_out locale)
#
###############################################################################

*******************************************************************************
*** RUNTIME MODEL ATTRIBUTES
***

CppFlavor       = *
__SystemLibrary = DLib
__dlib_version  = 6


*******************************************************************************
*** HEAP SELECTION
***

The basic heap was selected because no calls to memory allocation
functions were found in the application outside of system library
functions, and there are calls to deallocation functions in the
application.


*******************************************************************************
*** PLACEMENT SUMMARY
***

"A0":  place at address 0x800'0000 { ro section .intvec };
"P1":  place in [from 0x800'0000 to 0x80f'ffff] { ro };
define block CSTACK with size = 8K, alignment = 8 { };
define block HEAP with size = 8K, alignment = 8 { };
"P4":  place in [from 0x2000'0000 to 0x2001'bfff] |
                [from 0x2001'c000 to 0x2001'ffff] {
          rw, block CSTACK, block HEAP };

No sections matched the following patterns:

  ro section application_specific_ro  in "P2"
  rw                                  in "P4"
  section .backup_sram                in "P5"
  section .ccram                      in "P3"


  Section   Kind         Address    Size  Object
  -------   ----         -------    ----  ------
"A0":                               0x40
  .intvec   ro code   0x800'0000    0x40  vector_table_M.o [4]
                    - 0x800'0040    0x40

"P1":                              0x174
  .text     ro code   0x800'0040    0xec  main.o [1]
  .text     ro code   0x800'012c    0x22  fpinit_M.o [3]
  .text     ro code   0x800'014e     0x2  vectortrap_M.o [4]
  .text     ro code   0x800'0150    0x1e  cmain.o [4]
  .text     ro code   0x800'016e     0x4  low_level_init.o [2]
  .text     ro code   0x800'0172     0x4  exit.o [2]
  .text     ro code   0x800'0178     0xa  cexit.o [4]
  .text     ro code   0x800'0184    0x14  exit.o [5]
  .text     ro code   0x800'0198    0x1c  cstartup_M.o [4]
                    - 0x800'01b4   0x174

"P4":                             0x2000
  CSTACK             0x2000'0000  0x2000  <Block>
    CSTACK  uninit   0x2000'0000  0x2000  <Block tail>
                   - 0x2000'2000  0x2000

Unused ranges:

         From           To      Size
         ----           --      ----
   0x800'01b4   0x80f'ffff  0xf'fe4c
  0x2000'2000  0x2001'bfff  0x1'a000
  0x2001'c000  0x2001'ffff    0x4000



*******************************************************************************
*** MODULE SUMMARY
***

    Module            ro code  rw data
    ------            -------  -------
command line/config:
    ----------------------------------
    Total:

H:\projects\2\Debug\Obj: [1]
    main.o                236
    ----------------------------------
    Total:                236

dl7M_tln.a: [2]
    exit.o                  4
    low_level_init.o        4
    ----------------------------------
    Total:                  8

m7M_tls.a: [3]
    fpinit_M.o             34
    ----------------------------------
    Total:                 34

rt7M_tl.a: [4]
    cexit.o                10
    cmain.o                30
    cstartup_M.o           28
    vector_table_M.o       64
    vectortrap_M.o          2
    ----------------------------------
    Total:                134

shb_l.a: [5]
    exit.o                 20
    ----------------------------------
    Total:                 20

    Gaps                    4
    Linker created               8'192
--------------------------------------
    Grand Total:          436    8'192


*******************************************************************************
*** ENTRY LIST
***

Entry                     Address  Size  Type      Object
-----                     -------  ----  ----      ------
?main                  0x800'0151        Code  Gb  cmain.o [4]
BusFault_Handler       0x800'014f        Code  Wk  vectortrap_M.o [4]
CSTACK$$Base          0x2000'0000         --   Gb  - Linker created -
CSTACK$$Limit         0x2000'2000         --   Gb  - Linker created -
DebugMon_Handler       0x800'014f        Code  Wk  vectortrap_M.o [4]
HardFault_Handler      0x800'014f        Code  Wk  vectortrap_M.o [4]
MemManage_Handler      0x800'014f        Code  Wk  vectortrap_M.o [4]
NMI_Handler            0x800'014f        Code  Wk  vectortrap_M.o [4]
PendSV_Handler         0x800'014f        Code  Wk  vectortrap_M.o [4]
Region$$Table$$Base           0x0         --   Gb  - Linker created -
Region$$Table$$Limit          0x0         --   Gb  - Linker created -
SVC_Handler            0x800'014f        Code  Wk  vectortrap_M.o [4]
SysTick_Handler        0x800'014f        Code  Wk  vectortrap_M.o [4]
UsageFault_Handler     0x800'014f        Code  Wk  vectortrap_M.o [4]
__cmain                0x800'0151        Code  Gb  cmain.o [4]
__exit                 0x800'0185  0x14  Code  Gb  exit.o [5]
__iar_init_vfp         0x800'012d        Code  Gb  fpinit_M.o [3]
__iar_program_start    0x800'0199        Code  Gb  cstartup_M.o [4]
__low_level_init       0x800'016f   0x4  Code  Gb  low_level_init.o [2]
__vector_table         0x800'0000        Data  Gb  vector_table_M.o [4]
_call_main             0x800'015d        Code  Gb  cmain.o [4]
_exit                  0x800'0179        Code  Gb  cexit.o [4]
delay                  0x800'0041   0xe  Code  Gb  main.o [1]
exit                   0x800'0173   0x4  Code  Gb  exit.o [2]
main                   0x800'004f  0xb4  Code  Gb  main.o [1]


[1] = H:\projects\2\Debug\Obj
[2] = dl7M_tln.a
[3] = m7M_tls.a
[4] = rt7M_tl.a
[5] = shb_l.a

    436 bytes of readonly  code memory
  8'192 bytes of readwrite data memory

Errors: none
Warnings: none
