###############################################################################
#
# IAR ELF Linker V9.70.1.475/W64 for ARM                  31/Mar/2026  15:43:05
# Copyright 2007-2025 IAR Systems AB.
#
#    Output file  =
#        C:\Users\vadychka\Documents\GitHub\leybl\fft\Debug\Exe\fft_az.out
#    Map file     =
#        C:\Users\vadychka\Documents\GitHub\leybl\fft\Debug\List\fft_az.map
#    Command line =
#        -f
#        C:\Users\vadychka\Documents\GitHub\leybl\fft\Debug\Exe\fft_az.out.rsp
#        (C:\Users\vadychka\Documents\GitHub\leybl\fft\Debug\Obj\imu.o
#        C:\Users\vadychka\Documents\GitHub\leybl\fft\Debug\Obj\main.o
#        C:\Users\vadychka\Documents\GitHub\leybl\fft\Debug\Obj\startup_stm32g431xx.o
#        C:\Users\vadychka\Documents\GitHub\leybl\fft\Debug\Obj\system_stm32g4xx.o
#        --no_out_extension -o
#        C:\Users\vadychka\Documents\GitHub\leybl\fft\Debug\Exe\fft_az.out
#        --redirect _Printf=_PrintfFullNoMb --redirect _Scanf=_ScanfFullNoMb
#        --map
#        C:\Users\vadychka\Documents\GitHub\leybl\fft\Debug\List\fft_az.map
#        --config C:\iar\ewarm-9.70.1\arm/config/linker/ST/stm32g431xB.icf
#        --semihosting --entry __iar_program_start
#        C:\iar\ewarm-9.70.1\arm\CMSIS\Lib\IAR\iar_cortexM4lf_math.a --vfe
#        --text_out locale --cpu=Cortex-M4 --fpu=VFPv4_sp)
#        --diagnostics_format=sarif_stdout --dependencies=n
#        C:\Users\vadychka\Documents\GitHub\leybl\fft\Debug\Exe\fft_az.out.iar_deps
#        --dynamic_output
#        C:\Users\vadychka\Documents\GitHub\leybl\fft\Debug\Exe\fft_az.out.iar_dynout
#
###############################################################################

*******************************************************************************
*** RUNTIME MODEL ATTRIBUTES
***

CppFlavor       = *
__CPP_Runtime   = 1
__SystemLibrary = DLib
__dlib_version  = 6


*******************************************************************************
*** HEAP SELECTION
***

The basic heap was selected because --advanced_heap
was not specified and the application did not appear to
be primarily optimized for speed.


*******************************************************************************
*** PLACEMENT SUMMARY
***

"A0":  place at address 0x800'0000 {  ro section .intvec };
"P1":  place in [from 0x800'0000 to 0x801'ffff] {  ro };
define block CSTACK with size = 2K, alignment = 8 { };
define block PROC_STACK with size = 0, alignment = 8 { };
define block HEAP with size = 4K, alignment = 8 { };
"P3":  place in [from 0x2000'0000 to 0x2000'3fff] |
                [from 0x2000'4000 to 0x2000'57ff] {
           rw,  block CSTACK,  block PROC_STACK,  block HEAP };

No sections matched the following patterns:

  ro section otp_data  in "P4"
  section .textrw      in "P2"


  Section          Kind         Address  Alignment   Size  Object
  -------          ----         -------  ---------   ----  ------
"A0":                                               0x1d8
  .intvec          ro code   0x800'0000          4  0x1d8  startup_stm32g431xx.o [1]
                           - 0x800'01d8             0x1d8

"P1":                                               0x94c
  .text            ro code   0x800'01d8          4  0x318  imu.o [1]
  .text            ro code   0x800'04f0          4  0x214  cos_sin_tan_32.o [3]
  .text            ro code   0x800'0704          4   0x1e  U64Shr.o [4]
  .text            ro code   0x800'0724          4  0x194  main.o [1]
  .text            ro code   0x800'08b8          2   0x38  zero_init3.o [4]
  .text            ro code   0x800'08f0          4   0x28  data_init.o [4]
  .text            ro code   0x800'0918          4   0x22  fpinit_M.o [3]
  .text            ro code   0x800'093c          4   0x22  cmain.o [4]
  .text            ro code   0x800'095e          2    0x4  low_level_init.o [2]
  .text            ro code   0x800'0962          2    0x4  exit.o [2]
  .text            ro code   0x800'0968          4    0x4  cexit.o [4]
  .text            ro code   0x800'096c          4    0xa  cexit_2.o [4]
  .text            ro code   0x800'0978          4   0x14  exit.o [5]
  .iar.init_table  const     0x800'098c          4   0x10  - Linker created -
  .text            ro code   0x800'099c          4   0x1e  cstartup_M.o [4]
  .rodata          const     0x800'09bc          4   0x10  main.o [1]
  .text            ro code   0x800'09cc          4   0x10  startup_stm32g431xx.o [1]
  .text            ro code   0x800'09dc          4   0x10  system_stm32g4xx.o [1]
  .text            ro code   0x800'09ec          2    0x4  startup_stm32g431xx.o [1]
  .text            ro code   0x800'09f0          2    0x4  startup_stm32g431xx.o [1]
  .text            ro code   0x800'09f4          2    0x4  startup_stm32g431xx.o [1]
  .text            ro code   0x800'09f8          2    0x4  startup_stm32g431xx.o [1]
  .text            ro code   0x800'09fc          2    0x4  startup_stm32g431xx.o [1]
  .text            ro code   0x800'0a00          2    0x4  startup_stm32g431xx.o [1]
  .text            ro code   0x800'0a04          2    0x4  startup_stm32g431xx.o [1]
  .text            ro code   0x800'0a08          2    0x4  startup_stm32g431xx.o [1]
  .text            ro code   0x800'0a0c          2    0x4  startup_stm32g431xx.o [1]
  .text            ro code   0x800'0a10          2    0x4  startup_stm32g431xx.o [1]
  .text            ro code   0x800'0a14          2    0x4  startup_stm32g431xx.o [1]
  .text            ro code   0x800'0a18          2    0x4  startup_stm32g431xx.o [1]
  .text            ro code   0x800'0a1c          2    0x4  startup_stm32g431xx.o [1]
  .text            ro code   0x800'0a20          2    0x4  startup_stm32g431xx.o [1]
  .text            ro code   0x800'0a24          2    0x4  startup_stm32g431xx.o [1]
  .text            ro code   0x800'0a28          2    0x4  startup_stm32g431xx.o [1]
  .text            ro code   0x800'0a2c          2    0x4  startup_stm32g431xx.o [1]
  .text            ro code   0x800'0a30          2    0x4  startup_stm32g431xx.o [1]
  .text            ro code   0x800'0a34          2    0x4  startup_stm32g431xx.o [1]
  .text            ro code   0x800'0a38          2    0x4  startup_stm32g431xx.o [1]
  .text            ro code   0x800'0a3c          2    0x4  startup_stm32g431xx.o [1]
  .text            ro code   0x800'0a40          2    0x4  startup_stm32g431xx.o [1]
  .text            ro code   0x800'0a44          2    0x4  startup_stm32g431xx.o [1]
  .text            ro code   0x800'0a48          2    0x4  startup_stm32g431xx.o [1]
  .text            ro code   0x800'0a4c          2    0x4  startup_stm32g431xx.o [1]
  .text            ro code   0x800'0a50          2    0x4  startup_stm32g431xx.o [1]
  .text            ro code   0x800'0a54          2    0x4  startup_stm32g431xx.o [1]
  .text            ro code   0x800'0a58          2    0x4  startup_stm32g431xx.o [1]
  .text            ro code   0x800'0a5c          2    0x4  startup_stm32g431xx.o [1]
  .text            ro code   0x800'0a60          2    0x4  startup_stm32g431xx.o [1]
  .text            ro code   0x800'0a64          2    0x4  startup_stm32g431xx.o [1]
  .text            ro code   0x800'0a68          2    0x4  startup_stm32g431xx.o [1]
  .text            ro code   0x800'0a6c          2    0x4  startup_stm32g431xx.o [1]
  .text            ro code   0x800'0a70          2    0x4  startup_stm32g431xx.o [1]
  .text            ro code   0x800'0a74          2    0x4  startup_stm32g431xx.o [1]
  .text            ro code   0x800'0a78          2    0x4  startup_stm32g431xx.o [1]
  .text            ro code   0x800'0a7c          2    0x4  startup_stm32g431xx.o [1]
  .text            ro code   0x800'0a80          2    0x4  startup_stm32g431xx.o [1]
  .text            ro code   0x800'0a84          2    0x4  startup_stm32g431xx.o [1]
  .text            ro code   0x800'0a88          2    0x4  startup_stm32g431xx.o [1]
  .text            ro code   0x800'0a8c          2    0x4  startup_stm32g431xx.o [1]
  .text            ro code   0x800'0a90          2    0x4  startup_stm32g431xx.o [1]
  .text            ro code   0x800'0a94          2    0x4  startup_stm32g431xx.o [1]
  .text            ro code   0x800'0a98          2    0x4  startup_stm32g431xx.o [1]
  .text            ro code   0x800'0a9c          2    0x4  startup_stm32g431xx.o [1]
  .text            ro code   0x800'0aa0          2    0x4  startup_stm32g431xx.o [1]
  .text            ro code   0x800'0aa4          2    0x4  startup_stm32g431xx.o [1]
  .text            ro code   0x800'0aa8          2    0x4  startup_stm32g431xx.o [1]
  .text            ro code   0x800'0aac          2    0x4  startup_stm32g431xx.o [1]
  .text            ro code   0x800'0ab0          2    0x4  startup_stm32g431xx.o [1]
  .text            ro code   0x800'0ab4          2    0x4  startup_stm32g431xx.o [1]
  .text            ro code   0x800'0ab8          2    0x4  startup_stm32g431xx.o [1]
  .text            ro code   0x800'0abc          2    0x4  startup_stm32g431xx.o [1]
  .text            ro code   0x800'0ac0          2    0x4  startup_stm32g431xx.o [1]
  .text            ro code   0x800'0ac4          2    0x4  startup_stm32g431xx.o [1]
  .text            ro code   0x800'0ac8          2    0x4  startup_stm32g431xx.o [1]
  .text            ro code   0x800'0acc          2    0x4  startup_stm32g431xx.o [1]
  .text            ro code   0x800'0ad0          2    0x4  startup_stm32g431xx.o [1]
  .text            ro code   0x800'0ad4          2    0x4  startup_stm32g431xx.o [1]
  .text            ro code   0x800'0ad8          2    0x4  startup_stm32g431xx.o [1]
  .text            ro code   0x800'0adc          2    0x4  startup_stm32g431xx.o [1]
  .text            ro code   0x800'0ae0          2    0x4  startup_stm32g431xx.o [1]
  .text            ro code   0x800'0ae4          2    0x4  startup_stm32g431xx.o [1]
  .text            ro code   0x800'0ae8          2    0x4  startup_stm32g431xx.o [1]
  .text            ro code   0x800'0aec          2    0x4  startup_stm32g431xx.o [1]
  .text            ro code   0x800'0af0          2    0x4  startup_stm32g431xx.o [1]
  .text            ro code   0x800'0af4          2    0x4  startup_stm32g431xx.o [1]
  .text            ro code   0x800'0af8          2    0x4  startup_stm32g431xx.o [1]
  .text            ro code   0x800'0afc          2    0x4  startup_stm32g431xx.o [1]
  .text            ro code   0x800'0b00          2    0x4  startup_stm32g431xx.o [1]
  .text            ro code   0x800'0b04          2    0x4  startup_stm32g431xx.o [1]
  .text            ro code   0x800'0b08          2    0x4  startup_stm32g431xx.o [1]
  .text            ro code   0x800'0b0c          2    0x4  startup_stm32g431xx.o [1]
  .text            ro code   0x800'0b10          2    0x4  startup_stm32g431xx.o [1]
  .text            ro code   0x800'0b14          2    0x4  startup_stm32g431xx.o [1]
  .text            ro code   0x800'0b18          2    0x4  startup_stm32g431xx.o [1]
  .text            ro code   0x800'0b1c          2    0x4  startup_stm32g431xx.o [1]
  .text            ro code   0x800'0b20          2    0x4  startup_stm32g431xx.o [1]
  .rodata          const     0x800'0b24               0x0  zero_init3.o [4]
                           - 0x800'0b24             0x94c

"P3", part 1 of 2:                                   0x2c
  .bss             zero     0x2000'0000          4   0x1c  imu.o [1]
  .bss             zero     0x2000'001c          4    0x4  imu.o [1]
  .bss             zero     0x2000'0020          4    0x4  imu.o [1]
  .bss             zero     0x2000'0024          4    0x4  imu.o [1]
  .bss             zero     0x2000'0028               0x1  main.o [1]
                          - 0x2000'0029              0x29

"P3", part 2 of 2:                                  0x800
  CSTACK                    0x2000'0030          8  0x800  <Block>
    CSTACK         uninit   0x2000'0030             0x800  <Block tail>
                          - 0x2000'0830             0x800

Unused ranges:

         From           To      Size
         ----           --      ----
   0x800'0b24   0x801'ffff  0x1'f4dc
  0x2000'002c  0x2000'002f       0x4
  0x2000'0830  0x2000'3fff    0x37d0
  0x2000'4000  0x2000'57ff    0x1800


*******************************************************************************
*** INIT TABLE
***

          Address      Size
          -------      ----
Zero (__iar_zero_init3)
    1 destination range, total size 0x29:
          0x2000'0000  0x29



*******************************************************************************
*** MODULE SUMMARY
***

    Module                 ro code  ro data  rw data
    ------                 -------  -------  -------
command line/config:
    ------------------------------------------------
    Total:

C:\Users\vadychka\Documents\GitHub\leybl\fft\Debug\Obj: [1]
    imu.o                      792                40
    main.o                     404       16        1
    startup_stm32g431xx.o      800
    system_stm32g4xx.o          16
    ------------------------------------------------
    Total:                   2'012       16       41

dl7M_tln.a: [2]
    exit.o                       4
    low_level_init.o             4
    ------------------------------------------------
    Total:                       8

m7M_tls.a: [3]
    cos_sin_tan_32.o           532
    fpinit_M.o                  34
    ------------------------------------------------
    Total:                     566

rt7M_tl.a: [4]
    U64Shr.o                    30
    cexit.o                      4
    cexit_2.o                   10
    cmain.o                     34
    cstartup_M.o                30
    data_init.o                 40
    zero_init3.o                56
    ------------------------------------------------
    Total:                     204

shb_l.a: [5]
    exit.o                      20
    ------------------------------------------------
    Total:                      20

    Gaps                         8        2
    Linker created                       16    2'048
----------------------------------------------------
    Grand Total:             2'818       34    2'089


*******************************************************************************
*** ENTRY LIST
***

Entry                       Address   Size  Type      Object
-----                       -------   ----  ----      ------
.iar.init_table$$Base    0x800'098c          --   Gb  - Linker created -
.iar.init_table$$Limit   0x800'099c          --   Gb  - Linker created -
?main                    0x800'093d         Code  Gb  cmain.o [4]
ADC1_2_IRQHandler        0x800'0a55         Code  Wk  startup_stm32g431xx.o [1]
BusFault_Handler         0x800'09f9         Code  Wk  startup_stm32g431xx.o [1]
By2Pi                    0x800'06e8   0x1c  Data  Lc  cos_sin_tan_32.o [3]
COMP1_2_3_IRQHandler     0x800'0af1         Code  Wk  startup_stm32g431xx.o [1]
COMP4_IRQHandler         0x800'0af5         Code  Wk  startup_stm32g431xx.o [1]
CORDIC_IRQHandler        0x800'0b1d         Code  Wk  startup_stm32g431xx.o [1]
CRS_IRQHandler           0x800'0af9         Code  Wk  startup_stm32g431xx.o [1]
CSTACK$$Base            0x2000'0030          --   Gb  - Linker created -
CSTACK$$Limit           0x2000'0830          --   Gb  - Linker created -
DMA1_Channel1_IRQHandler
                         0x800'0a3d         Code  Wk  startup_stm32g431xx.o [1]
DMA1_Channel2_IRQHandler
                         0x800'0a41         Code  Wk  startup_stm32g431xx.o [1]
DMA1_Channel3_IRQHandler
                         0x800'0a45         Code  Wk  startup_stm32g431xx.o [1]
DMA1_Channel4_IRQHandler
                         0x800'0a49         Code  Wk  startup_stm32g431xx.o [1]
DMA1_Channel5_IRQHandler
                         0x800'0a4d         Code  Wk  startup_stm32g431xx.o [1]
DMA1_Channel6_IRQHandler
                         0x800'0a51         Code  Wk  startup_stm32g431xx.o [1]
DMA2_Channel1_IRQHandler
                         0x800'0ad9         Code  Wk  startup_stm32g431xx.o [1]
DMA2_Channel2_IRQHandler
                         0x800'0add         Code  Wk  startup_stm32g431xx.o [1]
DMA2_Channel3_IRQHandler
                         0x800'0ae1         Code  Wk  startup_stm32g431xx.o [1]
DMA2_Channel4_IRQHandler
                         0x800'0ae5         Code  Wk  startup_stm32g431xx.o [1]
DMA2_Channel5_IRQHandler
                         0x800'0ae9         Code  Wk  startup_stm32g431xx.o [1]
DMA2_Channel6_IRQHandler
                         0x800'0b19         Code  Wk  startup_stm32g431xx.o [1]
DMAMUX_OVR_IRQHandler    0x800'0b15         Code  Wk  startup_stm32g431xx.o [1]
DebugMon_Handler         0x800'0a05         Code  Wk  startup_stm32g431xx.o [1]
EXTI0_IRQHandler         0x800'0a29         Code  Wk  startup_stm32g431xx.o [1]
EXTI15_10_IRQHandler     0x800'0aad         Code  Wk  startup_stm32g431xx.o [1]
EXTI1_IRQHandler         0x800'0a2d         Code  Wk  startup_stm32g431xx.o [1]
EXTI2_IRQHandler         0x800'0a31         Code  Wk  startup_stm32g431xx.o [1]
EXTI3_IRQHandler         0x800'0a35         Code  Wk  startup_stm32g431xx.o [1]
EXTI4_IRQHandler         0x800'0a39         Code  Wk  startup_stm32g431xx.o [1]
EXTI9_5_IRQHandler       0x800'0a69         Code  Wk  startup_stm32g431xx.o [1]
FDCAN1_IT0_IRQHandler    0x800'0a61         Code  Wk  startup_stm32g431xx.o [1]
FDCAN1_IT1_IRQHandler    0x800'0a65         Code  Wk  startup_stm32g431xx.o [1]
FLASH_IRQHandler         0x800'0a21         Code  Wk  startup_stm32g431xx.o [1]
FMAC_IRQHandler          0x800'0b21         Code  Wk  startup_stm32g431xx.o [1]
FPU_IRQHandler           0x800'0b01         Code  Wk  startup_stm32g431xx.o [1]
HardFault_Handler        0x800'09f1         Code  Wk  startup_stm32g431xx.o [1]
I2C1_ER_IRQHandler       0x800'0a8d         Code  Wk  startup_stm32g431xx.o [1]
I2C1_EV_IRQHandler       0x800'0a89         Code  Wk  startup_stm32g431xx.o [1]
I2C1_Init                0x800'01d9   0x68  Code  Gb  imu.o [1]
I2C2_ER_IRQHandler       0x800'0a95         Code  Wk  startup_stm32g431xx.o [1]
I2C2_EV_IRQHandler       0x800'0a91         Code  Wk  startup_stm32g431xx.o [1]
I2C3_ER_IRQHandler       0x800'0b11         Code  Wk  startup_stm32g431xx.o [1]
I2C3_EV_IRQHandler       0x800'0b0d         Code  Wk  startup_stm32g431xx.o [1]
IMU_Calibrate            0x800'0335   0xf4  Code  Gb  imu.o [1]
IMU_Init                 0x800'042d   0x60  Code  Gb  imu.o [1]
IMU_SetBank              0x800'027b   0x12  Code  Gb  imu.o [1]
IMU_WriteReg             0x800'0241   0x3a  Code  Lc  imu.o [1]
LPTIM1_IRQHandler        0x800'0ac9         Code  Wk  startup_stm32g431xx.o [1]
LPUART1_IRQHandler       0x800'0b09         Code  Wk  startup_stm32g431xx.o [1]
LPUART1_Log_Init         0x800'0741   0x78  Code  Gb  main.o [1]
MemManage_Handler        0x800'09f5         Code  Wk  startup_stm32g431xx.o [1]
NMI_Handler              0x800'09ed         Code  Wk  startup_stm32g431xx.o [1]
PVD_PVM_IRQHandler       0x800'0a15         Code  Wk  startup_stm32g431xx.o [1]
PendSV_Handler           0x800'0a09         Code  Wk  startup_stm32g431xx.o [1]
RCC_IRQHandler           0x800'0a25         Code  Wk  startup_stm32g431xx.o [1]
RNG_IRQHandler           0x800'0b05         Code  Wk  startup_stm32g431xx.o [1]
RTC_Alarm_IRQHandler     0x800'0ab1         Code  Wk  startup_stm32g431xx.o [1]
RTC_TAMP_LSECSS_IRQHandler
                         0x800'0a19         Code  Wk  startup_stm32g431xx.o [1]
RTC_WKUP_IRQHandler      0x800'0a1d         Code  Wk  startup_stm32g431xx.o [1]
Region$$Table$$Base      0x800'098c          --   Gb  - Linker created -
Region$$Table$$Limit     0x800'099c          --   Gb  - Linker created -
Reset_Handler            0x800'09cd         Code  Wk  startup_stm32g431xx.o [1]
SAI1_IRQHandler          0x800'0afd         Code  Wk  startup_stm32g431xx.o [1]
SPI1_IRQHandler          0x800'0a99         Code  Wk  startup_stm32g431xx.o [1]
SPI2_IRQHandler          0x800'0a9d         Code  Wk  startup_stm32g431xx.o [1]
SPI3_IRQHandler          0x800'0acd         Code  Wk  startup_stm32g431xx.o [1]
SVC_Handler              0x800'0a01         Code  Wk  startup_stm32g431xx.o [1]
SysTick_Handler          0x800'0a0d         Code  Wk  startup_stm32g431xx.o [1]
SystemInit               0x800'09dd    0xc  Code  Gb  system_stm32g4xx.o [1]
TIM1_BRK_TIM15_IRQHandler
                         0x800'0a6d         Code  Wk  startup_stm32g431xx.o [1]
TIM1_CC_IRQHandler       0x800'0a79         Code  Wk  startup_stm32g431xx.o [1]
TIM1_TRG_COM_TIM17_IRQHandler
                         0x800'0a75         Code  Wk  startup_stm32g431xx.o [1]
TIM1_UP_TIM16_IRQHandler
                         0x800'0a71         Code  Wk  startup_stm32g431xx.o [1]
TIM2_IRQHandler          0x800'0a7d         Code  Wk  startup_stm32g431xx.o [1]
TIM3_IRQHandler          0x800'0a81         Code  Wk  startup_stm32g431xx.o [1]
TIM4_IRQHandler          0x800'0a85         Code  Wk  startup_stm32g431xx.o [1]
TIM6_DAC_IRQHandler      0x800'07ef   0x14  Code  Gb  main.o [1]
TIM6_Init_1000Hz         0x800'07b9   0x36  Code  Gb  main.o [1]
TIM7_IRQHandler          0x800'0ad5         Code  Wk  startup_stm32g431xx.o [1]
TIM8_BRK_IRQHandler      0x800'0ab9         Code  Wk  startup_stm32g431xx.o [1]
TIM8_CC_IRQHandler       0x800'0ac5         Code  Wk  startup_stm32g431xx.o [1]
TIM8_TRG_COM_IRQHandler
                         0x800'0ac1         Code  Wk  startup_stm32g431xx.o [1]
TIM8_UP_IRQHandler       0x800'0abd         Code  Wk  startup_stm32g431xx.o [1]
UART4_IRQHandler         0x800'0ad1         Code  Wk  startup_stm32g431xx.o [1]
UCPD1_IRQHandler         0x800'0aed         Code  Wk  startup_stm32g431xx.o [1]
USART1_IRQHandler        0x800'0aa1         Code  Wk  startup_stm32g431xx.o [1]
USART2_IRQHandler        0x800'0aa5         Code  Wk  startup_stm32g431xx.o [1]
USART3_IRQHandler        0x800'0aa9         Code  Wk  startup_stm32g431xx.o [1]
USBWakeUp_IRQHandler     0x800'0ab5         Code  Wk  startup_stm32g431xx.o [1]
USB_HP_IRQHandler        0x800'0a59         Code  Wk  startup_stm32g431xx.o [1]
USB_LP_IRQHandler        0x800'0a5d         Code  Wk  startup_stm32g431xx.o [1]
UsageFault_Handler       0x800'09fd         Code  Wk  startup_stm32g431xx.o [1]
WWDG_IRQHandler          0x800'0a11         Code  Wk  startup_stm32g431xx.o [1]
__NVIC_EnableIRQ         0x800'0725   0x1c  Code  Lc  main.o [1]
__aeabi_llsr             0x800'0705         Code  Gb  U64Shr.o [4]
__cmain                  0x800'093d         Code  Gb  cmain.o [4]
__exit                   0x800'0979   0x14  Code  Gb  exit.o [5]
__iar_Sin_accurate32     0x800'04f1  0x1c8  Code  Lc  cos_sin_tan_32.o [3]
__iar_cos_accurate32     0x800'06e1    0x4  Code  Gb  cos_sin_tan_32.o [3]
__iar_cos_accuratef      0x800'06e1    0x4  Code  Gb  cos_sin_tan_32.o [3]
__iar_cos_medium32       0x800'06e1    0x4  Code  Gb  cos_sin_tan_32.o [3]
__iar_cos_mediumf        0x800'06e1    0x4  Code  Gb  cos_sin_tan_32.o [3]
__iar_cos_small32        0x800'06e1    0x4  Code  Gb  cos_sin_tan_32.o [3]
__iar_cos_smallf         0x800'06e1    0x4  Code  Gb  cos_sin_tan_32.o [3]
__iar_cosf               0x800'06e1    0x4  Code  Gb  cos_sin_tan_32.o [3]
__iar_data_init3         0x800'08f1   0x28  Code  Gb  data_init.o [4]
__iar_init_vfp           0x800'0919         Code  Gb  fpinit_M.o [3]
__iar_program_start      0x800'099d         Code  Gb  cstartup_M.o [4]
__iar_sin_accurate32     0x800'06e5    0x4  Code  Gb  cos_sin_tan_32.o [3]
__iar_sin_accuratef      0x800'06e5    0x4  Code  Gb  cos_sin_tan_32.o [3]
__iar_sin_medium32       0x800'06e5    0x4  Code  Gb  cos_sin_tan_32.o [3]
__iar_sin_mediumf        0x800'06e5    0x4  Code  Gb  cos_sin_tan_32.o [3]
__iar_sin_small32        0x800'06e5    0x4  Code  Gb  cos_sin_tan_32.o [3]
__iar_sin_smallf         0x800'06e5    0x4  Code  Gb  cos_sin_tan_32.o [3]
__iar_sinf               0x800'06e5    0x4  Code  Gb  cos_sin_tan_32.o [3]
__iar_zero_init3         0x800'08b9   0x38  Code  Gb  zero_init3.o [4]
__low_level_init         0x800'095f    0x4  Code  Gb  low_level_init.o [2]
__vector_table           0x800'0000         Data  Gb  startup_stm32g431xx.o [1]
_call_main               0x800'0949         Code  Gb  cmain.o [4]
_exit                    0x800'0969         Code  Gb  cexit.o [4]
_exit_2                  0x800'096d         Code  Gb  cexit_2.o [4]
biquad_init_lpf          0x800'028d   0xa6  Code  Gb  imu.o [1]
cosf                     0x800'06e1    0x4  Code  Gb  cos_sin_tan_32.o [3]
exit                     0x800'0963    0x4  Code  Gb  exit.o [2]
gyro_bias_x             0x2000'001c    0x4  Data  Gb  imu.o [1]
gyro_bias_y             0x2000'0020    0x4  Data  Gb  imu.o [1]
gyro_bias_z             0x2000'0024    0x4  Data  Gb  imu.o [1]
imu_flag                0x2000'0028    0x1  Data  Gb  main.o [1]
lpf_gx                  0x2000'0000   0x1c  Data  Lc  imu.o [1]
main                     0x800'0803   0x60  Code  Gb  main.o [1]
sinf                     0x800'06e5    0x4  Code  Gb  cos_sin_tan_32.o [3]


[1] = C:\Users\vadychka\Documents\GitHub\leybl\fft\Debug\Obj
[2] = dl7M_tln.a
[3] = m7M_tls.a
[4] = rt7M_tl.a
[5] = shb_l.a

  2'818 bytes of readonly  code memory
     34 bytes of readonly  data memory
  2'089 bytes of readwrite data memory

Errors: none
Warnings: none
